##fileformat=VCFv4.2
##source=aldy-v2.2
##INFO=<ID=ANN,Number=1,Type=String,Description="Location within CYP2D6">
##INFO=<ID=TYPE,Number=1,Type=String,Description="Mutation kind">
##INFO=<ID=GENE,Number=1,Type=String,Description="Gene">
##FORMAT=<ID=GT,Number=1,Type=String,Description="Genotype">
##FORMAT=<ID=DP,Number=1,Type=Integer,Description="Read Depth">
##FORMAT=<ID=MA,Number=1,Type=String,Description="Major genotype star-allele calls">
##FORMAT=<ID=MI,Number=1,Type=String,Description="Minor genotype star-allele calls">
#CHROM	POS	ID	REF	ALT	QUAL	FILTER	INFO	FORMAT	NA10860:0:*1/*4+*4	NA10860:1:*1/*4+*4
22	42522392	rs28371738	G	A	0	PASS	ANN=4401:C>T;TYPE=NEUTRAL;GENE=CYP2D6	GT:DP:MA:MI	0|1|1:14:-,*4,*4.i:-,*4AW,*4N	0|1|1:14:-,*4,*4.i:-,*4AW,*4N
22	42523211	rs2004511	T	C	0	PASS	ANN=3582:A>G;TYPE=NEUTRAL;GENE=CYP2D6	GT:DP:MA:MI	0|1|1:34:-,*4,*4.i:-,*4AW,*4N	0|1|1:34:-,*4,*4.i:-,*4AW,*4N
22	42523409	rs1985842	T	G	0	PASS	ANN=3384:A>C;TYPE=NEUTRAL;GENE=CYP2D6	GT:DP:MA:MI	0|1|1:59:-,*4,*4.i:-,*4AW,*4N	0|1|1:59:-,*4,*4.i:-,*4AW,*4N
22	42524696	rs2267447	T	C	0	PASS	ANN=2097:A>G;TYPE=NEUTRAL;GENE=CYP2D6	GT:DP:MA:MI	0|1|1:34:-,*4,*4.i:-,*4AW,*4N	0|1|1:34:-,*4,*4.i:-,*4AW,*4N
22	42524947	rs3892097	C	T	0	PASS	ANN=1846:G>A;TYPE=DISRUPTING;GENE=CYP2D6	GT:DP:MA:MI	0|1|1:32:-,*4,*4.i:-,*4AW,*4N	0|1|1:32:-,*4,*4.i:-,*4AW,*4N
22	42525132	rs1058164	C	G	0	PASS	ANN=1661:G>C;TYPE=NEUTRAL;GENE=CYP2D6	GT:DP:MA:MI	0|1|1:24:-,*4,*4.i:-,*4AW,*4N	0|1|1:24:-,*4,*4.i:-,*4AW,*4N
22	42525798	rs28371705	G	C	0	PASS	ANN=997:C>G;TYPE=NEUTRAL;GENE=CYP2D6	GT:DP:MA:MI	0|1|1:35:-,*4,*4.i:-,*4AW,*4N	0|1|1:35:-,*4,*4.i:-,*4AW,*4N
22	42525811	rs28371704	T	C	0	PASS	ANN=984:A>G;TYPE=DISRUPTING;GENE=CYP2D6	GT:DP:MA:MI	0|1|1:34:-,*4,*4.i:-,*4AW,*4N	0|1|1:34:-,*4,*4.i:-,*4AW,*4N
22	42525821	rs28371703	G	T	0	PASS	ANN=974:C>A;TYPE=DISRUPTING;GENE=CYP2D6	GT:DP:MA:MI	0|1|1:33:-,*4,*4.i:-,*4AW,*4N	0|1|1:33:-,*4,*4.i:-,*4AW,*4N
22	42525952	rs28371702	A	C	0	PASS	ANN=843:T>G;TYPE=NEUTRAL;GENE=CYP2D6	GT:DP:MA:MI	0|1|1:23:-,*4,*4.i:-,*4AW,*4N	0|1|1:23:-,*4,*4.i:-,*4AW,*4N
22	42526049	rs28371701	G	C	0	PASS	ANN=746:C>G;TYPE=NEUTRAL;GENE=CYP2D6	GT:DP:MA:MI	0|1|1:23:-,*4,*4.i:-,*4AW,*4N	0|1|1:23:-,*4,*4.i:-,*4AW,*4N
22	42526484	rs28371699	C	A	0	PASS	ANN=310:G>T;TYPE=NEUTRAL;GENE=CYP2D6	GT:DP:MA:MI	0|1|1:31:-,*4,*4.i:-,*4AW,*4N	0|1|1:31:-,*4,*4.i:-,*4AW,*4N
22	42526694	rs1065852	G	A	0	PASS	ANN=100:C>T;TYPE=DISRUPTING;GENE=CYP2D6	GT:DP:MA:MI	0|1|1:18:-,*4,*4.i:-,*4AW,*4N	0|1|1:18:-,*4,*4.i:-,*4AW,*4N
22	42527793	rs1080989	C	T	0	PASS	ANN=-1000:G>A;TYPE=NEUTRAL;GENE=CYP2D6	GT:DP:MA:MI	0|1|1:30:-,*4,*4.i:-,*4AW,*4N	0|1|1:30:-,*4,*4.i:-,*4AW,*4N
22	42528028	rs28735595	T	C	0	PASS	ANN=-1235:A>G;TYPE=NEUTRAL;GENE=CYP2D6	GT:DP:MA:MI	0|1|1:16:-,*4,*4.i:-,*4AW,*4N	0|1|1:16:-,*4,*4.i:-,*4AW,*4N
22	42528224	rs28588594	G	A	0	PASS	ANN=-1426:C>T;TYPE=NEUTRAL;GENE=CYP2D6	GT:DP:MA:MI	1|1|1:30:*1,*4,*4.i:*1,*4AW,*4N	1|1|1:30:*1,*4,*4.i:*1,*4AW,*4N
